- uri: template://test-provisioners/without-class-without-params
  type: without-class-without-params
  expected_outputs:
    - o1
    - o2

- uri: template://test-provisioners/with-class-without-params
  type: with-class-without-params
  class: c1
  expected_outputs:
    - o1
    - o2

- uri: template://test-provisioners/without-class-with-params-in-outputs
  type: without-class-with-params-in-outputs
  expected_outputs:
    - o1
    - o2
  supported_params:
    - p1
    - po1

- uri: template://test-provisioners/with-class-with-params-in-outputs
  type: with-class-with-params-in-outputs
  class: c1
  expected_outputs:
    - o1
    - o2
  supported_params:
    - p1
    - po1

- uri: template://test-provisioners/without-class-with-params-in-shared
  type: without-class-with-params-in-shared
  expected_outputs:
    - o1
    - o2
  supported_params:
    - p1
    - psh1

- uri: template://test-provisioners/with-class-with-params-in-shared
  type: with-class-with-params-in-shared
  class: c1
  expected_outputs:
    - o1
    - o2
  supported_params:
    - p1
    - psh1

- uri: template://test-provisioners/without-class-with-params-in-state
  type: without-class-with-params-in-state
  expected_outputs:
    - o1
    - o2
  supported_params:
    - p1
    - psh1

- uri: template://test-provisioners/with-class-with-params-in-state
  type: with-class-with-params-in-state
  class: c1
  outputs: |
    o1: o1
    o2: o2
  state: |
    {{ if not .Params.p1 }}{{ fail "expected 'p1' param for the target workload name" }}{{ end }}
    {{ if not .Params.pst1 }}{{ fail "expected 'pst1' param for the target workload name" }}{{ end }}
  expected_outputs:
    - o1
    - o2
  supported_params:
    - p1
    - pst1

- uri: template://test-provisioners/without-class-with-params-in-shared-outputs
  type: without-class-with-params-in-shared-outputs
  expected_outputs:
    - o1
    - o2
  supported_params:
    - p1
    - po1
    - psh1

- uri: template://test-provisioners/with-class-with-params-in-shared-outputs
  type: with-class-with-params-in-shared-outputs
  class: c1
  expected_outputs:
    - o1
    - o2
  supported_params:
    - p1
    - po1
    - psh1

- uri: template://test-provisioners/without-class-with-params-in-state-outputs
  type: without-class-with-params-in-state-outputs
  expected_outputs:
    - o1
    - o2
  supported_params:
    - p1
    - po1
    - pst1

- uri: template://test-provisioners/with-class-with-params-in-state-outputs
  type: with-class-with-params-in-state-outputs
  class: c1
  expected_outputs:
    - o1
    - o2
  supported_params:
    - p1
    - po1
    - pst1

- uri: template://test-provisioners/without-class-with-params-in-state-outputs-state-shared
  type: without-class-with-params-in-state-outputs-shared
  expected_outputs:
    - o1
    - o2
  supported_params:
    - p1
    - po1
    - pst1
    - psh1

- uri: template://test-provisioners/with-class-with-params-in-state-outputs-shared
  type: with-class-with-params-in-state-outputs-shared
  class: c1
  expected_outputs:
    - o1
    - o2
  supported_params:
    - p1
    - po1
    - pst1
    - psh1

- uri: template://test-provisioners/without-class-without-params-with-description
  type: without-class-without-params
  expected_outputs:
    - o1
    - o2
  description: without-class-without-params-with-description