+---------------------------------------------------+-------+---------------------+---------+
|                       TYPE                        | CLASS |       PARAMS        | OUTPUTS |
+---------------------------------------------------+-------+---------------------+---------+
| with-class-with-params-in-outputs                 | c1    | p1, po1             | o1, o2  |
+---------------------------------------------------+-------+---------------------+---------+
| with-class-with-params-in-shared                  | c1    | p1, psh1            | o1, o2  |
+---------------------------------------------------+-------+---------------------+---------+
| with-class-with-params-in-shared-outputs          | c1    | p1, po1, psh1       | o1, o2  |
+---------------------------------------------------+-------+---------------------+---------+
| with-class-with-params-in-state                   | c1    | p1, pst1            | o1, o2  |
+---------------------------------------------------+-------+---------------------+---------+
| with-class-with-params-in-state-outputs           | c1    | p1, po1, pst1       | o1, o2  |
+---------------------------------------------------+-------+---------------------+---------+
| with-class-with-params-in-state-outputs-shared    | c1    | p1, po1, psh1, pst1 | o1, o2  |
+---------------------------------------------------+-------+---------------------+---------+
| with-class-without-params                         | c1    |                     | o1, o2  |
+---------------------------------------------------+-------+---------------------+---------+
| without-class-with-params-in-outputs              | (any) | p1, po1             | o1, o2  |
+---------------------------------------------------+-------+---------------------+---------+
| without-class-with-params-in-shared               | (any) | p1, psh1            | o1, o2  |
+---------------------------------------------------+-------+---------------------+---------+
| without-class-with-params-in-shared-outputs       | (any) | p1, po1, psh1       | o1, o2  |
+---------------------------------------------------+-------+---------------------+---------+
| without-class-with-params-in-state                | (any) | p1, psh1            | o1, o2  |
+---------------------------------------------------+-------+---------------------+---------+
| without-class-with-params-in-state-outputs        | (any) | p1, po1, pst1       | o1, o2  |
+---------------------------------------------------+-------+---------------------+---------+
| without-class-with-params-in-state-outputs-shared | (any) | p1, po1, psh1, pst1 | o1, o2  |
+---------------------------------------------------+-------+---------------------+---------+
| without-class-without-params                      | (any) |                     | o1, o2  |
+---------------------------------------------------+-------+---------------------+---------+
