+--------------+------------+----------------+------------------+
|     TYPE     |   CLASS    |     PARAMS     |     OUTPUTS      |
+--------------+------------+----------------+------------------+
| service-port | (any)      | workload, port | hostname, port   |
| test-type    | test-class | param1, param2 | output1, output2 |
+--------------+------------+----------------+------------------+
