[
  {
    "Type": "cmd-with-class-with-params-in-outputs",
    "Class": "c1",
    "Params": [
      "p1",
      "po1"
    ],
    "Outputs": [
      "o1",
      "o2"
    ],
    "Description": ""
  },
  {
    "Type": "cmd-with-class-with-params-in-shared",
    "Class": "c1",
    "Params": [
      "p1",
      "psh1"
    ],
    "Outputs": [
      "o1",
      "o2"
    ],
    "Description": ""
  },
  {
    "Type": "cmd-with-class-with-params-in-shared-outputs",
    "Class": "c1",
    "Params": [
      "p1",
      "po1",
      "psh1"
    ],
    "Outputs": [
      "o1",
      "o2"
    ],
    "Description": ""
  },
  {
    "Type": "cmd-with-class-with-params-in-state-outputs",
    "Class": "c1",
    "Params": [
      "p1",
      "po1",
      "pst1"
    ],
    "Outputs": [
      "o1",
      "o2"
    ],
    "Description": ""
  },
  {
    "Type": "cmd-with-class-with-params-in-state-outputs-shared",
    "Class": "c1",
    "Params": [
      "p1",
      "po1",
      "psh1",
      "pst1"
    ],
    "Outputs": [
      "o1",
      "o2"
    ],
    "Description": ""
  },
  {
    "Type": "cmd-with-class-without-params",
    "Class": "c1",
    "Params": [],
    "Outputs": [
      "o1",
      "o2"
    ],
    "Description": ""
  },
  {
    "Type": "cmd-without-class-with-params-in-outputs",
    "Class": "(any)",
    "Params": [
      "p1",
      "po1"
    ],
    "Outputs": [
      "o1",
      "o2"
    ],
    "Description": ""
  },
  {
    "Type": "cmd-without-class-with-params-in-shared",
    "Class": "(any)",
    "Params": [
      "p1",
      "psh1"
    ],
    "Outputs": [
      "o1",
      "o2"
    ],
    "Description": ""
  },
  {
    "Type": "cmd-without-class-with-params-in-shared-outputs",
    "Class": "(any)",
    "Params": [
      "p1",
      "po1",
      "psh1"
    ],
    "Outputs": [
      "o1",
      "o2"
    ],
    "Description": ""
  },
  {
    "Type": "cmd-without-class-with-params-in-state",
    "Class": "(any)",
    "Params": [
      "p1",
      "psh1"
    ],
    "Outputs": [
      "o1",
      "o2"
    ],
    "Description": ""
  },
  {
    "Type": "cmd-without-class-with-params-in-state-outputs",
    "Class": "(any)",
    "Params": [
      "p1",
      "po1",
      "pst1"
    ],
    "Outputs": [
      "o1",
      "o2"
    ],
    "Description": ""
  },
  {
    "Type": "cmd-without-class-with-params-in-state-outputs-shared",
    "Class": "(any)",
    "Params": [
      "p1",
      "po1",
      "psh1",
      "pst1"
    ],
    "Outputs": [
      "o1",
      "o2"
    ],
    "Description": ""
  },
  {
    "Type": "cmd-without-class-without-params",
    "Class": "(any)",
    "Params": [],
    "Outputs": [
      "o1",
      "o2"
    ],
    "Description": ""
  },
  {
    "Type": "cmd-without-class-without-params-with-description",
    "Class": "(any)",
    "Params": [],
    "Outputs": [
      "o1",
      "o2"
    ],
    "Description": "cmd-without-class-without-params-with-description"
  },
  {
    "Type": "template-with-class-with-params-in-outputs",
    "Class": "c1",
    "Params": [
      "p1",
      "po1"
    ],
    "Outputs": [
      "o1",
      "o2"
    ],
    "Description": ""
  },
  {
    "Type": "template-with-class-with-params-in-shared",
    "Class": "c1",
    "Params": [
      "p1",
      "psh1"
    ],
    "Outputs": [
      "o1",
      "o2"
    ],
    "Description": ""
  },
  {
    "Type": "template-with-class-with-params-in-shared-outputs",
    "Class": "c1",
    "Params": [
      "p1",
      "po1",
      "psh1"
    ],
    "Outputs": [
      "o1",
      "o2"
    ],
    "Description": ""
  },
  {
    "Type": "template-with-class-with-params-in-state",
    "Class": "c1",
    "Params": [
      "p1",
      "pst1"
    ],
    "Outputs": [
      "o1",
      "o2"
    ],
    "Description": ""
  },
  {
    "Type": "template-with-class-with-params-in-state-outputs",
    "Class": "c1",
    "Params": [
      "p1",
      "po1",
      "pst1"
    ],
    "Outputs": [
      "o1",
      "o2"
    ],
    "Description": ""
  },
  {
    "Type": "template-with-class-with-params-in-state-outputs-shared",
    "Class": "c1",
    "Params": [
      "p1",
      "po1",
      "psh1",
      "pst1"
    ],
    "Outputs": [
      "o1",
      "o2"
    ],
    "Description": ""
  },
  {
    "Type": "template-with-class-without-params",
    "Class": "c1",
    "Params": [],
    "Outputs": [
      "o1",
      "o2"
    ],
    "Description": ""
  },
  {
    "Type": "template-without-class-with-params-in-outputs",
    "Class": "(any)",
    "Params": [
      "p1",
      "po1"
    ],
    "Outputs": [
      "o1",
      "o2"
    ],
    "Description": ""
  },
  {
    "Type": "template-without-class-with-params-in-shared",
    "Class": "(any)",
    "Params": [
      "p1",
      "psh1"
    ],
    "Outputs": [
      "o1",
      "o2"
    ],
    "Description": ""
  },
  {
    "Type": "template-without-class-with-params-in-shared-outputs",
    "Class": "(any)",
    "Params": [
      "p1",
      "po1",
      "psh1"
    ],
    "Outputs": [
      "o1",
      "o2"
    ],
    "Description": ""
  },
  {
    "Type": "template-without-class-with-params-in-state",
    "Class": "(any)",
    "Params": [
      "p1",
      "psh1"
    ],
    "Outputs": [
      "o1",
      "o2"
    ],
    "Description": ""
  },
  {
    "Type": "template-without-class-with-params-in-state-outputs",
    "Class": "(any)",
    "Params": [
      "p1",
      "po1",
      "pst1"
    ],
    "Outputs": [
      "o1",
      "o2"
    ],
    "Description": ""
  },
  {
    "Type": "template-without-class-with-params-in-state-outputs-shared",
    "Class": "(any)",
    "Params": [
      "p1",
      "po1",
      "psh1",
      "pst1"
    ],
    "Outputs": [
      "o1",
      "o2"
    ],
    "Description": ""
  },
  {
    "Type": "template-without-class-without-params",
    "Class": "(any)",
    "Params": [],
    "Outputs": [
      "o1",
      "o2"
    ],
    "Description": ""
  },
  {
    "Type": "template-without-class-without-params-with-description",
    "Class": "(any)",
    "Params": [],
    "Outputs": [
      "o1",
      "o2"
    ],
    "Description": "without-class-without-params-with-description"
  }
]
