+---------------+------------+------------------+--------------------------------+
|     TYPE      |   CLASS    |      PARAMS      |            OUTPUTS             |
+---------------+------------+------------------+--------------------------------+
| service-port  | (any)      | port, workload   | hostname, port                 |
+---------------+------------+------------------+--------------------------------+
| test-type     | test-class | param1, param2   | output1, output2               |
+---------------+------------+------------------+--------------------------------+
| volume        | (any)      |                  | source, type                   |
+---------------+------------+------------------+--------------------------------+
| service-port  | (any)      | port, workload   | hostname, port                 |
+---------------+------------+------------------+--------------------------------+
| redis         | (any)      |                  | host, password, port, username |
+---------------+------------+------------------+--------------------------------+
| postgres      | (any)      |                  | database, host, name,          |
|               |            |                  | password, port, username       |
+---------------+------------+------------------+--------------------------------+
| s3            | (any)      |                  | access_key_id,                 |
|               |            |                  | aws_access_key_id,             |
|               |            |                  | aws_secret_key, bucket,        |
|               |            |                  | endpoint, http, region,        |
|               |            |                  | secret_key                     |
+---------------+------------+------------------+--------------------------------+
| amqp          | (any)      |                  | host, password, port,          |
|               |            |                  | username, vhost                |
+---------------+------------+------------------+--------------------------------+
| dns           | (any)      |                  | host                           |
+---------------+------------+------------------+--------------------------------+
| route         | (any)      | host, path, port |                                |
+---------------+------------+------------------+--------------------------------+
| mongodb       | (any)      |                  | connection, host, mongodb,     |
|               |            |                  | password, port, username       |
+---------------+------------+------------------+--------------------------------+
| mysql         | (any)      |                  | database, host, name,          |
|               |            |                  | password, port, username       |
+---------------+------------+------------------+--------------------------------+
| kafka-topic   | (any)      |                  | host, name, num_partitions,    |
|               |            |                  | port                           |
+---------------+------------+------------------+--------------------------------+
| elasticsearch | (any)      |                  | host, password, port, username |
+---------------+------------+------------------+--------------------------------+
